// Jest Snapshot v1, https://goo.gl/fbAQLP

exports[`<Header /> should match snapshot when render default 1`] = `
<nav
  className="Header"
>
  <Link
    href="/news/1"
    replace={false}
    to="/news/1"
  >
    <img
      alt="HNPWA Logo"
      className="Header__logo"
    />
  </Link>
  <NavLink
    activeClassName="Header__navlink--active"
    ariaCurrent="true"
    className="Header__navlink"
    isActive={[Function]}
    to="/news/1"
  >
    Top
  </NavLink>
  <NavLink
    activeClassName="Header__navlink--active"
    ariaCurrent="true"
    className="Header__navlink"
    isActive={[Function]}
    to="/newest/1"
  >
    New
  </NavLink>
  <NavLink
    activeClassName="Header__navlink--active"
    ariaCurrent="true"
    className="Header__navlink"
    isActive={[Function]}
    to="/show/1"
  >
    Show
  </NavLink>
  <NavLink
    activeClassName="Header__navlink--active"
    ariaCurrent="true"
    className="Header__navlink"
    isActive={[Function]}
    to="/ask/1"
  >
    Ask
  </NavLink>
  <NavLink
    activeClassName="Header__navlink--active"
    ariaCurrent="true"
    className="Header__navlink"
    isActive={[Function]}
    to="/jobs/1"
  >
    Jobs
  </NavLink>
  <a
    href="https://github.com/taehwanno/hnpwa-react"
    rel="noopener noreferrer"
    target="_blank"
  >
    <span
      className="Header__title"
    >
      HNPWA with React
    </span>
  </a>
</nav>
`;
